[2026-09-02 22:02:38.396] [info] [94807] 日志系统初始化完成, 级别=info, 文件=forest_breed.log
[2026-09-02 22:02:38.397] [info] [94807] ========================================
[2026-09-02 22:02:38.397] [info] [94807] 林育环境监测系统启动
[2026-09-02 22:02:38.397] [info] [94807] 中南林业科技大学 - 实验室育种环境监控平台
[2026-09-02 22:02:38.397] [info] [94807] 配置文件: /home/cian/传感器_豆包/Sensor/Sensor/config.ini
[2026-09-02 22:02:38.397] [info] [94807] 目标设备: 127.0.0.1:9000
[2026-09-02 22:02:38.397] [info] [94807] 模拟模式: 开启
[2026-09-02 22:02:38.397] [info] [94807] 采样率: 50Hz
[2026-09-02 22:02:38.397] [info] [94807] UI刷新: 30FPS
[2026-09-02 22:02:38.398] [info] [94807] 相机定时拍照: 开启
[2026-09-02 22:02:38.398] [info] [94807] 拍照间隔: 2小时, 保留: 30天, 目录: photos
[2026-09-02 22:02:38.398] [info] [94807] ========================================
[2026-09-02 22:02:38.411] [info] [94807] 数据库初始化成功: sensor_data.db
[2026-09-02 22:02:38.411] [info] [94807] 数据库存储线程已启动, 批量间隔=1000ms, 批量大小=500
[2026-09-02 22:02:38.413] [info] [94807] 相机管理器初始化: 目录=photos, 间隔=2小时, 保留=30天, 设备索引=0, 质量=90, 启用=true
[2026-09-02 22:02:38.413] [info] [94807] 已有照片数量: 0
[2026-09-02 22:02:38.413] [info] [94807] 启动相机管理器...
[2026-09-02 22:02:39.855] [warning] [94807] 摄像头打开失败，将在定时任务中重试
[2026-09-02 22:02:39.860] [info] [94807] 相机定时器已启动, 间隔=2小时 (7200000ms)
[2026-09-02 22:02:41.952] [info] [94807] 主窗口已显示，等待用户操作...
[2026-09-02 22:02:42.455] [warning] [94807] 拍照失败: 无法打开摄像头 (设备索引=0)
[2026-09-02 22:02:53.354] [info] [94807] 窗口关闭，停止所有子系统...
[2026-09-02 22:02:53.354] [info] [94807] 停止数据库存储线程，等待队列落盘...
[2026-09-02 22:02:53.357] [info] [94807] 数据库存储线程已停止, 总写入记录=0
[2026-09-02 22:02:53.357] [info] [94807] 停止相机管理器...
[2026-09-02 22:02:53.357] [info] [94807] 相机管理器已停止
[2026-09-02 22:02:53.360] [info] [94807] 程序退出，正在清理资源...
[2026-09-02 22:02:53.360] [info] [94807] 程序已正常退出, 退出码=0
[2026-09-02 22:05:54.125] [info] [95951] 日志系统初始化完成, 级别=info, 文件=forest_breed.log
[2026-09-02 22:05:54.125] [info] [95951] ========================================
[2026-09-02 22:05:54.125] [info] [95951] 林育环境监测系统启动
[2026-09-02 22:05:54.125] [info] [95951] 中南林业科技大学 - 实验室育种环境监控平台
[2026-09-02 22:05:54.125] [info] [95951] 配置文件: /home/cian/传感器_豆包/Sensor/Sensor/config.ini
[2026-09-02 22:05:54.125] [info] [95951] 目标设备: 127.0.0.1:9000
[2026-09-02 22:05:54.126] [info] [95951] 模拟模式: 开启
[2026-09-02 22:05:54.126] [info] [95951] 采样率: 50Hz
[2026-09-02 22:05:54.126] [info] [95951] UI刷新: 30FPS
[2026-09-02 22:05:54.126] [info] [95951] 相机定时拍照: 开启
[2026-09-02 22:05:54.126] [info] [95951] 拍照间隔: 2小时, 保留: 30天, 目录: photos
[2026-09-02 22:05:54.126] [info] [95951] ========================================
[2026-09-02 22:05:54.129] [info] [95951] 数据库初始化成功: sensor_data.db
[2026-09-02 22:05:54.130] [info] [95951] 数据库存储线程已启动, 批量间隔=1000ms, 批量大小=500
[2026-09-02 22:05:54.130] [info] [95951] 相机管理器初始化: 目录=photos, 间隔=2小时, 保留=30天, 设备索引=0, 质量=90, 启用=true
[2026-09-02 22:05:54.130] [info] [95951] 已有照片数量: 0
[2026-09-02 22:05:54.131] [info] [95951] 启动相机管理器...
[2026-09-02 22:05:55.275] [info] [95951] 摄像头打开成功, 分辨率: 480x640
[2026-09-02 22:05:55.279] [info] [95951] 相机定时器已启动, 间隔=2小时 (7200000ms)
[2026-09-02 22:05:56.444] [info] [95951] 主窗口已显示，等待用户操作...
[2026-09-02 22:05:56.547] [info] [95951] 拍照成功: photos/2026-09-02/22_05_56.jpg
[2026-09-02 22:05:56.557] [info] [95951] 拍照成功: photos/2026-09-02/22_05_56.jpg (2026-09-02 22:05:56)
[2026-09-02 22:06:12.831] [info] [95951] 启动采集管理器...
[2026-09-02 22:06:12.836] [info] [95951] 模拟传感器服务端已启动，监听端口 9000，采样率 50Hz
[2026-09-02 22:06:12.837] [info] [96048] 模拟服务端等待客户端连接...
[2026-09-02 22:06:13.037] [info] [95951] 采集管理器已启动, 目标=127.0.0.1:9000, mock=true
[2026-09-02 22:06:13.037] [info] [96049] 网络IO线程启动
[2026-09-02 22:06:13.037] [info] [96049] 正在连接 127.0.0.1:9000 ...
[2026-09-02 22:06:13.038] [info] [95951] 用户点击开始采集
[2026-09-02 22:06:13.039] [info] [96049] 连接成功 127.0.0.1:9000
[2026-09-02 22:06:13.044] [info] [96048] 模拟服务端客户端已连接
[2026-09-02 22:06:15.092] [info] [95951] 用户点击立即拍照
[2026-09-02 22:06:15.101] [info] [95951] 拍照成功: photos/2026-09-02/22_06_15.jpg
[2026-09-02 22:06:15.108] [info] [95951] 拍照成功: photos/2026-09-02/22_06_15.jpg (2026-09-02 22:06:15)
[2026-09-02 22:06:16.622] [info] [95951] 用户点击立即拍照
[2026-09-02 22:06:16.628] [info] [95951] 拍照成功: photos/2026-09-02/22_06_16.jpg
[2026-09-02 22:06:16.638] [info] [95951] 拍照成功: photos/2026-09-02/22_06_16.jpg (2026-09-02 22:06:16)
[2026-09-02 22:06:16.834] [info] [95951] 用户点击立即拍照
[2026-09-02 22:06:16.876] [info] [95951] 拍照成功: photos/2026-09-02/22_06_16.jpg
[2026-09-02 22:06:16.879] [info] [95951] 拍照成功: photos/2026-09-02/22_06_16.jpg (2026-09-02 22:06:16)
[2026-09-02 22:06:17.005] [info] [95951] 用户点击立即拍照
[2026-09-02 22:06:17.046] [info] [95951] 拍照成功: photos/2026-09-02/22_06_17.jpg
[2026-09-02 22:06:17.051] [info] [95951] 拍照成功: photos/2026-09-02/22_06_17.jpg (2026-09-02 22:06:17)
[2026-09-02 22:06:17.317] [info] [95951] 用户点击立即拍照
[2026-09-02 22:06:17.341] [info] [95951] 拍照成功: photos/2026-09-02/22_06_17.jpg
[2026-09-02 22:06:17.372] [info] [95951] 拍照成功: photos/2026-09-02/22_06_17.jpg (2026-09-02 22:06:17)
[2026-09-02 22:06:17.467] [info] [95951] 用户点击立即拍照
[2026-09-02 22:06:17.495] [info] [95951] 拍照成功: photos/2026-09-02/22_06_17.jpg
[2026-09-02 22:06:17.500] [info] [95951] 拍照成功: photos/2026-09-02/22_06_17.jpg (2026-09-02 22:06:17)
[2026-09-02 22:06:18.122] [info] [95951] 用户点击立即拍照
[2026-09-02 22:06:18.164] [info] [95951] 拍照成功: photos/2026-09-02/22_06_18.jpg
[2026-09-02 22:06:18.166] [info] [95951] 拍照成功: photos/2026-09-02/22_06_18.jpg (2026-09-02 22:06:18)
[2026-09-02 22:06:18.622] [info] [95951] 用户点击立即拍照
[2026-09-02 22:06:18.630] [info] [95951] 拍照成功: photos/2026-09-02/22_06_18.jpg
[2026-09-02 22:06:18.640] [info] [95951] 拍照成功: photos/2026-09-02/22_06_18.jpg (2026-09-02 22:06:18)
[2026-09-02 22:06:19.621] [info] [95951] 用户点击立即拍照
[2026-09-02 22:06:19.631] [info] [95951] 拍照成功: photos/2026-09-02/22_06_19.jpg
[2026-09-02 22:06:19.639] [info] [95951] 拍照成功: photos/2026-09-02/22_06_19.jpg (2026-09-02 22:06:19)
[2026-09-02 22:06:29.909] [info] [95951] 用户点击立即拍照
[2026-09-02 22:06:29.912] [info] [95951] 拍照成功: photos/2026-09-02/22_06_29.jpg
[2026-09-02 22:06:29.915] [info] [95951] 拍照成功: photos/2026-09-02/22_06_29.jpg (2026-09-02 22:06:29)
[2026-09-02 22:06:30.415] [info] [95951] 用户点击立即拍照
[2026-09-02 22:06:30.418] [info] [95951] 拍照成功: photos/2026-09-02/22_06_30.jpg
[2026-09-02 22:06:30.424] [info] [95951] 拍照成功: photos/2026-09-02/22_06_30.jpg (2026-09-02 22:06:30)
[2026-09-02 22:06:30.640] [info] [95951] 用户点击立即拍照
[2026-09-02 22:06:30.644] [info] [95951] 拍照成功: photos/2026-09-02/22_06_30.jpg
[2026-09-02 22:06:30.649] [info] [95951] 拍照成功: photos/2026-09-02/22_06_30.jpg (2026-09-02 22:06:30)
[2026-09-02 22:06:31.782] [info] [95951] 用户点击立即拍照
[2026-09-02 22:06:31.786] [info] [95951] 拍照成功: photos/2026-09-02/22_06_31.jpg
[2026-09-02 22:06:31.791] [info] [95951] 拍照成功: photos/2026-09-02/22_06_31.jpg (2026-09-02 22:06:31)
[2026-09-02 22:06:31.930] [info] [95951] 用户点击立即拍照
[2026-09-02 22:06:31.932] [info] [95951] 拍照成功: photos/2026-09-02/22_06_31.jpg
[2026-09-02 22:06:31.937] [info] [95951] 拍照成功: photos/2026-09-02/22_06_31.jpg (2026-09-02 22:06:31)
[2026-09-02 22:06:32.088] [info] [95951] 用户点击立即拍照
[2026-09-02 22:06:32.091] [info] [95951] 拍照成功: photos/2026-09-02/22_06_32.jpg
[2026-09-02 22:06:32.095] [info] [95951] 拍照成功: photos/2026-09-02/22_06_32.jpg (2026-09-02 22:06:32)
[2026-09-02 22:06:32.318] [info] [95951] 用户点击立即拍照
[2026-09-02 22:06:32.323] [info] [95951] 拍照成功: photos/2026-09-02/22_06_32.jpg
[2026-09-02 22:06:32.329] [info] [95951] 拍照成功: photos/2026-09-02/22_06_32.jpg (2026-09-02 22:06:32)
[2026-09-02 22:07:04.275] [info] [95951] 用户点击立即拍照
[2026-09-02 22:07:04.278] [info] [95951] 拍照成功: photos/2026-09-02/22_07_04.jpg
[2026-09-02 22:07:04.283] [info] [95951] 拍照成功: photos/2026-09-02/22_07_04.jpg (2026-09-02 22:07:04)
[2026-09-02 22:07:05.198] [info] [95951] 用户点击立即拍照
[2026-09-02 22:07:05.205] [info] [95951] 拍照成功: photos/2026-09-02/22_07_05.jpg
[2026-09-02 22:07:05.209] [info] [95951] 拍照成功: photos/2026-09-02/22_07_05.jpg (2026-09-02 22:07:05)
[2026-09-02 22:07:18.515] [info] [95951] 用户点击立即拍照
[2026-09-02 22:07:18.518] [info] [95951] 拍照成功: photos/2026-09-02/22_07_18.jpg
[2026-09-02 22:07:18.523] [info] [95951] 拍照成功: photos/2026-09-02/22_07_18.jpg (2026-09-02 22:07:18)
[2026-09-02 22:07:19.463] [info] [95951] 用户点击立即拍照
[2026-09-02 22:07:19.480] [info] [95951] 拍照成功: photos/2026-09-02/22_07_19.jpg
[2026-09-02 22:07:19.481] [info] [95951] 拍照成功: photos/2026-09-02/22_07_19.jpg (2026-09-02 22:07:19)
[2026-09-02 22:07:19.688] [info] [95951] 用户点击立即拍照
[2026-09-02 22:07:19.693] [info] [95951] 拍照成功: photos/2026-09-02/22_07_19.jpg
[2026-09-02 22:07:19.700] [info] [95951] 拍照成功: photos/2026-09-02/22_07_19.jpg (2026-09-02 22:07:19)
[2026-09-02 22:07:35.211] [info] [95951] 用户点击立即拍照
[2026-09-02 22:07:35.214] [info] [95951] 拍照成功: photos/2026-09-02/[2026-09-02 22:09:21.851] [info] [97147] 日志系统初始化完成, 级别=info, 文件=forest_breed.log
[2026-09-02 22:09:21.851] [info] [97147] ========================================
[2026-09-02 22:09:21.851] [info] [97147] 林育环境监测系统启动
[2026-09-02 22:09:21.851] [info] [97147] 中南林业科技大学 - 实验室育种环境监控平台
[2026-09-02 22:09:21.851] [info] [97147] 配置文件: /home/cian/传感器_豆包/Sensor/Sensor/config.ini
[2026-09-02 22:09:21.851] [info] [97147] 目标设备: 127.0.0.1:9000
[2026-09-02 22:09:21.851] [info] [97147] 模拟模式: 开启
[2026-09-02 22:09:21.851] [info] [97147] 采样率: 50Hz
[2026-09-02 22:09:21.851] [info] [97147] UI刷新: 30FPS
[2026-09-02 22:09:21.851] [info] [97147] 相机定时拍照: 开启
[2026-09-02 22:09:21.851] [info] [97147] 拍照间隔: 2小时, 保留: 30天, 目录: photos
[2026-09-02 22:09:21.851] [info] [97147] ========================================
[2026-09-02 22:09:21.852] [info] [97147] 数据库初始化成功: sensor_data.db
[2026-09-02 22:09:21.852] [info] [97147] 数据库存储线程已启动, 批量间隔=1000ms, 批量大小=500
[2026-09-02 22:09:21.853] [info] [97147] 相机管理器初始化: 目录=photos, 间隔=2小时, 保留=30天, 设备索引=0, 质量=90, 启用=true
[2026-09-02 22:09:21.853] [info] [97147] 已有照片数量: 0
[2026-09-02 22:09:21.853] [info] [97147] 启动相机管理器...
[2026-09-02 22:09:22.238] [info] [97147] 摄像头打开成功, 分辨率: 480x640
[2026-09-02 22:09:22.238] [info] [97147] 相机定时器已启动, 间隔=2小时 (7200000ms)
[2026-09-02 22:09:22.480] [info] [97147] 主窗口已显示，等待用户操作...
[2026-09-02 22:09:22.506] [info] [97147] 拍照成功: photos/2026-09-02/22_09_22.jpg
[2026-09-02 22:09:22.508] [info] [97147] 拍照成功: photos/2026-09-02/22_09_22.jpg (2026-09-02 22:09:22)
[2026-09-02 22:11:12.615] [info] [97147] 窗口关闭，停止所有子系统...
[2026-09-02 22:11:12.615] [info] [97147] 停止数据库存储线程，等待队列落盘...
[2026-09-02 22:11:12.618] [info] [97147] 数据库存储线程已停止, 总写入记录=0
[2026-09-02 22:11:12.618] [info] [97147] 停止相机管理器...
[2026-09-02 22:11:12.619] [info] [97147] 相机管理器已停止
[2026-09-02 22:11:12.625] [info] [97147] 程序退出，正在清理资源...
[2026-09-02 22:11:12.625] [info] [97147] 程序已正常退出, 退出码=0
